

================================================================
== Vivado HLS Report for 'PID_Controller'
================================================================
* Date:           Tue Oct 13 10:17:54 2015

* Version:        2014.4 (Build 1071461 on Tue Nov 18 16:42:57 PM 2014)
* Project:        hls_fixedp_pid_prj
* Solution:       solution_fixedp
* Product family: zynq
* Target device:  xc7z010clg400-1


================================================================
== Performance Estimates
================================================================
+ Timing (ns): 
    * Summary: 
    +---------+-------+----------+------------+
    |  Clock  | Target| Estimated| Uncertainty|
    +---------+-------+----------+------------+
    |default  |  20.00|     17.03|        2.50|
    +---------+-------+----------+------------+

+ Latency (clock cycles): 
    * Summary: 
    +-----+-----+-----+-----+---------+
    |  Latency  |  Interval | Pipeline|
    | min | max | min | max |   Type  |
    +-----+-----+-----+-----+---------+
    |    4|    4|    5|    5|   none  |
    +-----+-----+-----+-----+---------+

    + Detail: 
        * Instance: 
        N/A

        * Loop: 
        N/A



================================================================
== Utilization Estimates
================================================================
* Summary: 
+-----------------+---------+-------+-------+-------+
|       Name      | BRAM_18K| DSP48E|   FF  |  LUT  |
+-----------------+---------+-------+-------+-------+
|Expression       |        -|      2|      0|    562|
|FIFO             |        -|      -|      -|      -|
|Instance         |        -|      -|      -|      -|
|Memory           |        -|      -|      -|      -|
|Multiplexer      |        -|      -|      -|     76|
|Register         |        -|      -|    306|      -|
+-----------------+---------+-------+-------+-------+
|Total            |        0|      2|    306|    638|
+-----------------+---------+-------+-------+-------+
|Available        |      120|     80|  35200|  17600|
+-----------------+---------+-------+-------+-------+
|Utilization (%)  |        0|      2|   ~0  |      3|
+-----------------+---------+-------+-------+-------+

+ Detail: 
    * Instance: 
    N/A

    * Memory: 
    N/A

    * FIFO: 
    N/A

    * Expression: 
    +----------------------------+----------+-------+---+----+------------+------------+
    |        Variable Name       | Operation| DSP48E| FF| LUT| Bitwidth P0| Bitwidth P1|
    +----------------------------+----------+-------+---+----+------------+------------+
    |grp_fu_134_p2               |     *    |      2|  0|   1|          25|          25|
    |pid_addsub2_V_1_fu_341_p2   |     +    |      0|  0|  12|          25|          25|
    |pid_addsub2_V_fu_288_p2     |     +    |      0|  0|  12|          25|          25|
    |tmp1_fu_336_p2              |     +    |      0|  0|  12|          25|          25|
    |tmp_fu_283_p2               |     +    |      0|  0|  12|          25|          25|
    |p_Val2_10_fu_277_p2         |     -    |      0|  0|  25|          25|          25|
    |p_Val2_7_fu_272_p2          |     -    |      0|  0|  25|          25|          25|
    |pid_addsub_V_fu_164_p2      |     -    |      0|  0|  25|          25|          25|
    |dout_0_V                    |  Select  |      0|  0|  25|           1|          25|
    |e_V_1_fu_190_p3             |  Select  |      0|  0|  25|           1|          25|
    |e_V_fu_176_p3               |  Select  |      0|  0|  25|           1|          25|
    |p_Val2_12_fu_230_p3         |  Select  |      0|  0|  25|           1|          25|
    |p_Val2_15_fu_324_p3         |  Select  |      0|  0|  25|           1|          25|
    |p_Val2_6_fu_246_p3          |  Select  |      0|  0|  25|           1|          25|
    |p_Val2_9_fu_238_p3          |  Select  |      0|  0|  25|           1|          25|
    |prev_yd_V_load_s_fu_254_p3  |  Select  |      0|  0|  25|           1|          25|
    |tmp_V_fu_352_p3             |  Select  |      0|  0|  25|           1|          25|
    |yi_V_fu_314_p3              |  Select  |      0|  0|  25|           1|          25|
    |tmp_1_fu_310_p2             |   icmp   |      0|  0|  31|          25|          25|
    |tmp_2_fu_320_p2             |   icmp   |      0|  0|  31|          25|          25|
    |tmp_4_fu_347_p2             |   icmp   |      0|  0|  31|          25|          25|
    |tmp_6_fu_170_p2             |   icmp   |      0|  0|  31|          25|          25|
    |tmp_7_fu_184_p2             |   icmp   |      0|  0|  31|          25|          25|
    |tmp_9_fu_359_p2             |   icmp   |      0|  0|  31|          25|          25|
    +----------------------------+----------+-------+---+----+------------+------------+
    |Total                       |          |      2|  0| 562|         360|         600|
    +----------------------------+----------+-------+---+----+------------+------------+

    * Multiplexer: 
    +---------------+----+-----------+-----+-----------+
    |      Name     | LUT| Input Size| Bits| Total Bits|
    +---------------+----+-----------+-----+-----------+
    |ap_NS_fsm      |   1|          6|    1|          6|
    |dout_1_V       |  25|          2|   25|         50|
    |grp_fu_134_p0  |  25|          4|   25|        100|
    |grp_fu_134_p1  |  25|          5|   25|        125|
    +---------------+----+-----------+-----+-----------+
    |Total          |  76|         17|   76|        281|
    +---------------+----+-----------+-----+-----------+

    * Register: 
    +-----------------------+----+----+-----+-----------+
    |          Name         | FF | LUT| Bits| Const Bits|
    +-----------------------+----+----+-----+-----------+
    |OP2_V_reg_392          |  50|   0|   50|          0|
    |ap_CS_fsm              |   5|   0|    5|          0|
    |dout_1_V_preg          |  25|   0|   25|          0|
    |p_Val2_10_reg_409      |  25|   0|   25|          0|
    |p_Val2_5_reg_397       |  25|   0|   25|          0|
    |pid_addsub2_V_reg_414  |  25|   0|   25|          0|
    |pid_mult2_V_reg_403    |  25|   0|   25|          0|
    |prev_x1_V              |  25|   0|   25|          0|
    |prev_x2_V              |  25|   0|   25|          0|
    |prev_yd_V              |  25|   0|   25|          0|
    |prev_yi_V              |  25|   0|   25|          0|
    |tmp_9_reg_426          |   1|   0|    1|          0|
    |tmp_V_reg_421          |  25|   0|   25|          0|
    +-----------------------+----+----+-----+-----------+
    |Total                  | 306|   0|  306|          0|
    +-----------------------+----+----+-----+-----------+



================================================================
== Interface
================================================================
* Summary: 
+-----------+-----+-----+------------+----------------+--------------+
| RTL Ports | Dir | Bits|  Protocol  |  Source Object |    C Type    |
+-----------+-----+-----+------------+----------------+--------------+
|ap_clk     |  in |    1| ap_ctrl_hs | PID_Controller | return value |
|ap_rst     |  in |    1| ap_ctrl_hs | PID_Controller | return value |
|ap_start   |  in |    1| ap_ctrl_hs | PID_Controller | return value |
|ap_done    | out |    1| ap_ctrl_hs | PID_Controller | return value |
|ap_idle    | out |    1| ap_ctrl_hs | PID_Controller | return value |
|ap_ready   | out |    1| ap_ctrl_hs | PID_Controller | return value |
|ap_ce      |  in |    1| ap_ctrl_hs | PID_Controller | return value |
|InitN      |  in |    1|   ap_none  |      InitN     |    scalar    |
|coeff_0_V  |  in |   25|   ap_none  |    coeff_0_V   |    pointer   |
|coeff_1_V  |  in |   25|   ap_none  |    coeff_1_V   |    pointer   |
|coeff_2_V  |  in |   25|   ap_none  |    coeff_2_V   |    pointer   |
|coeff_3_V  |  in |   25|   ap_none  |    coeff_3_V   |    pointer   |
|coeff_4_V  |  in |   25|   ap_none  |    coeff_4_V   |    pointer   |
|coeff_5_V  |  in |   25|   ap_none  |    coeff_5_V   |    pointer   |
|din_0_V    |  in |   25|   ap_none  |     din_0_V    |    pointer   |
|din_1_V    |  in |   25|   ap_none  |     din_1_V    |    pointer   |
|dout_0_V   | out |   25|   ap_none  |    dout_0_V    |    pointer   |
|dout_1_V   | out |   25|   ap_none  |    dout_1_V    |    pointer   |
+-----------+-----+-----+------------+----------------+--------------+

