// component: /i_ssi
// library: work
// files:
/home/warehouse/l.kirchner/566_project/stub_tb/SPI_tb/components/i_ssi/src/DW_apb_ssi_cc_constants.v
/home/warehouse/l.kirchner/566_project/stub_tb/SPI_tb/components/i_ssi/src/DW_apb_ssi_bcm_params.v
/home/warehouse/l.kirchner/566_project/stub_tb/SPI_tb/components/i_ssi/src/DW_apb_ssi_bcm57.v
/home/warehouse/l.kirchner/566_project/stub_tb/SPI_tb/components/i_ssi/src/DW_apb_ssi_bcm06.v
/home/warehouse/l.kirchner/566_project/stub_tb/SPI_tb/components/i_ssi/src/DW_apb_ssi_bcm21.v
/home/warehouse/l.kirchner/566_project/stub_tb/SPI_tb/components/i_ssi/src/DW_apb_ssi_rxsr.v
/home/warehouse/l.kirchner/566_project/stub_tb/SPI_tb/components/i_ssi/src/DW_apb_ssi_txsr.v
/home/warehouse/l.kirchner/566_project/stub_tb/SPI_tb/components/i_ssi/src/DW_apb_ssi_biu.v
/home/warehouse/l.kirchner/566_project/stub_tb/SPI_tb/components/i_ssi/src/DW_apb_ssi_regfile.v
/home/warehouse/l.kirchner/566_project/stub_tb/SPI_tb/components/i_ssi/src/DW_apb_ssi_sclkgen.v
/home/warehouse/l.kirchner/566_project/stub_tb/SPI_tb/components/i_ssi/src/DW_apb_ssi_fifo.v
/home/warehouse/l.kirchner/566_project/stub_tb/SPI_tb/components/i_ssi/src/DW_apb_ssi_shift.v
/home/warehouse/l.kirchner/566_project/stub_tb/SPI_tb/components/i_ssi/src/DW_apb_ssi_mstfsm.v
/home/warehouse/l.kirchner/566_project/stub_tb/SPI_tb/components/i_ssi/src/DW_apb_ssi_slvfsm.v
/home/warehouse/l.kirchner/566_project/stub_tb/SPI_tb/components/i_ssi/src/DW_apb_ssi_dma.v
/home/warehouse/l.kirchner/566_project/stub_tb/SPI_tb/components/i_ssi/src/DW_apb_ssi_intctl.v
/home/warehouse/l.kirchner/566_project/stub_tb/SPI_tb/components/i_ssi/src/DW_apb_ssi.v
/home/warehouse/l.kirchner/566_project/stub_tb/SPI_tb/components/i_ssi/src/DW_apb_ssi-undef.v

